18:11:38 **** Auto Build of configuration Debug for project axi_test ****
make pre-build main-build 
a9-linaro-pre-build-step
 
Building file: ../src/helloworld.c
Invoking: ARM v7 gcc compiler
arm-none-eabi-gcc -Wall -O0 -g3 -c -fmessage-length=0 -MT"src/helloworld.o" -mcpu=cortex-a9 -mfpu=vfpv3 -mfloat-abi=hard -I../../axi_test_bsp/ps7_cortexa9_0/include -MMD -MP -MF"src/helloworld.d" -MT"src/helloworld.o" -o "src/helloworld.o" "../src/helloworld.c"
../src/helloworld.c: In function 'InitializeInterruptSystem':
../src/helloworld.c:126:5: warning: type of 'deviceID' defaults to 'int' [-Wimplicit-int]
 int InitializeInterruptSystem(deviceID) {
     ^~~~~~~~~~~~~~~~~~~~~~~~~
Finished building: ../src/helloworld.c
 
Building target: axi_test.elf
Invoking: ARM v7 gcc linker
arm-none-eabi-gcc -mcpu=cortex-a9 -mfpu=vfpv3 -mfloat-abi=hard -Wl,-build-id=none -specs=Xilinx.spec -Wl,-T -Wl,../src/lscript.ld -L../../axi_test_bsp/ps7_cortexa9_0/lib -o "axi_test.elf"  ./src/helloworld.o ./src/platform.o ./src/ps7_init.o   -Wl,--start-group,-lxil,-lgcc,-lc,--end-group
Finished building target: axi_test.elf
 
Invoking: ARM v7 Print Size
arm-none-eabi-size axi_test.elf  |tee "axi_test.elf.size"
   text	   data	    bss	    dec	    hex	filename
  36552	  12608	  23288	  72448	  11b00	axi_test.elf
Finished building: axi_test.elf.size
 

18:11:39 Build Finished (took 715ms)

